// Jest Snapshot v1, https://goo.gl/fbAQLP

exports[`这是 Icon 的 dom 测试 1`] = `
<svg
  className="belial-icon"
>
  <use
    xlinkHref="#wechat"
  />
</svg>
`;
